// Jest Snapshot v1, https://goo.gl/fbAQLP

exports[`components/all-read.tsx should render itself & its children 1`] = `
<div
  className="flex flex-1 flex-col justify-center items-center p-4"
>
  <h1
    className="text-5xl mb-5"
  >
    ðŸ˜‰
  </h1>
  <h2
    className="font-semibold text-xl mb-2 text-semibold"
  />
  <div>
    No new notifications.
  </div>
</div>
`;
