// Jest Snapshot v1, https://goo.gl/fbAQLP

exports[`components/notification.js should render itself & its children 1`] = `
<div
  className="sc-AxjAm esvKhw"
>
  <div
    className="sc-AxhUy cNkvzS"
  >
    <svg
      aria-hidden="false"
      aria-label="Issue"
      className="octicon"
      height={20}
      role="img"
      style={
        Object {
          "display": "inline-block",
          "fill": "currentColor",
          "userSelect": "none",
          "verticalAlign": "text-bottom",
        }
      }
      viewBox="0 0 14 16"
      width={17.5}
    >
      <path
        d="M7 2.3c3.14 0 5.7 2.56 5.7 5.7s-2.56 5.7-5.7 5.7A5.71 5.71 0 011.3 8c0-3.14 2.56-5.7 5.7-5.7zM7 1C3.14 1 0 4.14 0 8s3.14 7 7 7 7-3.14 7-7-3.14-7-7-7zm1 3H6v5h2V4zm0 6H6v2h2v-2z"
        fillRule="evenodd"
      />
    </svg>
  </div>
  <div
    className="sc-AxirZ ibrlFv"
    onClick={[Function]}
    role="main"
  >
    <h6
      className="sc-AxiKw fXbfXY"
    >
      I am a robot and this is a test!
    </h6>
    <div
      className="sc-AxhCb fqclhB"
    >
      <span
        title="You're watching the repository."
      >
        Subscribed
      </span>
       - Updated
       
      in over 3 years
    </div>
  </div>
  <div
    className="sc-AxhUy cNkvzS"
  >
    <button
      className="sc-AxgMl beGRRX"
      onClick={[Function]}
      title="Mark as Read"
    >
      <svg
        aria-hidden="false"
        aria-label="Mark as Read"
        className="octicon"
        height={20}
        role="img"
        style={
          Object {
            "display": "inline-block",
            "fill": "currentColor",
            "userSelect": "none",
            "verticalAlign": "text-bottom",
          }
        }
        viewBox="0 0 12 16"
        width={15}
      >
        <path
          d="M12 5l-8 8-4-4 1.5-1.5L4 10l6.5-6.5L12 5z"
          fillRule="evenodd"
        />
      </svg>
    </button>
  </div>
</div>
`;
