// Jest Snapshot v1, https://goo.gl/fbAQLP

exports[`components/Sidebar.tsx should render itself & its children (logged in) 1`] = `
<div
  className="flex flex-col fixed left-14 w-14 -ml-14 h-full bg-primary overflow-y-auto	"
>
  <div
    className="flex flex-col flex-1 items-center py-4"
  >
    <svg
      className="w-5 my-3 mx-auto cursor-pointer"
      onClick={[Function]}
      role="logo"
      viewBox="0 0 500 500"
      xmlns="http://www.w3.org/2000/svg"
      xmlnsXlink="http://www.w3.org/1999/xlink"
    >
      <defs>
        <linearGradient
          id="linearGradient-light"
          x1="90.8779989%"
          x2="-1.30249747%"
          y1="80.0676288%"
          y2="32.7108237%"
        >
          <stop
            offset="0%"
            stopColor="#CCCCCC"
          />
          <stop
            offset="100%"
            stopColor="#FFFFFF"
          />
        </linearGradient>
      </defs>
      <g
        fill="none"
        fillRule="evenodd"
        stroke="none"
        strokeWidth="1"
      >
        <g
          fill="url(#linearGradient-light)"
          fillRule="nonzero"
          id="Logo"
          transform="translate(6.000000, 6.000000)"
        >
          <path
            d="M330.391053,10.2526316 C361.413773,10.2526316 386.562656,35.4015165 386.562656,66.4242368 C386.562656,97.4469571 361.413773,122.595841 330.391053,122.595842 L330.365421,122.570211 L247.319105,122.570211 C180.042515,122.499128 125.399186,176.890222 125.159,244.166421 L125.133789,244.219632 L125.154247,245.84774 C126.219609,301.255958 164.473457,349.116728 218.453292,362.268048 C272.940509,375.542983 329.466993,350.045988 355.583747,300.428701 L272.258632,300.427737 C257.346614,300.427737 243.046846,294.496977 232.512078,283.942976 C221.97731,273.388975 216.072618,259.078414 216.099748,244.166421 C216.099748,213.150778 241.242989,188.007632 272.258632,188.007632 L371.119632,188.007632 C379.28704,188.480415 386.935401,192.166372 392.393842,198.260263 L474.869789,300.324632 L474.978789,300.325211 L474.952789,300.426632 L474.953158,300.427737 L474.951789,300.427632 L474.173714,303.448935 C446.939817,406.220475 353.906452,478.028529 247.319105,478.080211 C118.007789,478.080211 12.8157895,373.144526 12.8157895,244.166421 C12.8157895,115.188316 117.905263,10.2526316 247.319105,10.2526316 L330.391053,10.2526316 Z"
          />
        </g>
      </g>
    </svg>
    <div
      className="flex justify-around	self-stretch items-center my-1 py-1 px-2 text-green-500 text-xs font-extrabold"
    >
      <svg
        aria-hidden="true"
        className="octicon"
        dangerouslySetInnerHTML={
          Object {
            "__html": "<path d=\\"M8 16a2 2 0 001.985-1.75c.017-.137-.097-.25-.235-.25h-3.5c-.138 0-.252.113-.235.25A2 2 0 008 16z\\"></path><path fill-rule=\\"evenodd\\" d=\\"M8 1.5A3.5 3.5 0 004.5 5v2.947c0 .346-.102.683-.294.97l-1.703 2.556a.018.018 0 00-.003.01l.001.006c0 .002.002.004.004.006a.017.017 0 00.006.004l.007.001h10.964l.007-.001a.016.016 0 00.006-.004.016.016 0 00.004-.006l.001-.007a.017.017 0 00-.003-.01l-1.703-2.554a1.75 1.75 0 01-.294-.97V5A3.5 3.5 0 008 1.5zM3 5a5 5 0 0110 0v2.947c0 .05.015.098.042.139l1.703 2.555A1.518 1.518 0 0113.482 13H2.518a1.518 1.518 0 01-1.263-2.36l1.703-2.554A.25.25 0 003 7.947V5z\\"></path>",
          }
        }
        fill="currentColor"
        height={12}
        role="img"
        style={
          Object {
            "display": "inline-block",
            "userSelect": "none",
            "verticalAlign": "text-bottom",
          }
        }
        viewBox="0 0 16 16"
        width={12}
      />
      4
    </div>
  </div>
  <div
    className="py-4 px-3"
  >
    <div
      aria-label="Refresh Notifications"
      className="flex justify-evenly items-center bg-transparent border-0 w-full text-sm text-white my-1 py-2 cursor-pointer hover:text-gray-500 focus:outline-none"
      onClick={[Function]}
    >
      <svg
        aria-hidden="true"
        className="octicon"
        dangerouslySetInnerHTML={
          Object {
            "__html": "<path fill-rule=\\"evenodd\\" d=\\"M8 2.5a5.487 5.487 0 00-4.131 1.869l1.204 1.204A.25.25 0 014.896 6H1.25A.25.25 0 011 5.75V2.104a.25.25 0 01.427-.177l1.38 1.38A7.001 7.001 0 0114.95 7.16a.75.75 0 11-1.49.178A5.501 5.501 0 008 2.5zM1.705 8.005a.75.75 0 01.834.656 5.501 5.501 0 009.592 2.97l-1.204-1.204a.25.25 0 01.177-.427h3.646a.25.25 0 01.25.25v3.646a.25.25 0 01-.427.177l-1.38-1.38A7.001 7.001 0 011.05 8.84a.75.75 0 01.656-.834z\\"></path>",
          }
        }
        fill="currentColor"
        height={16}
        role="img"
        style={
          Object {
            "display": "inline-block",
            "userSelect": "none",
            "verticalAlign": "text-bottom",
          }
        }
        viewBox="0 0 16 16"
        width={16}
      />
    </div>
    <div
      aria-label="Settings"
      className="flex justify-evenly items-center bg-transparent border-0 w-full text-sm text-white my-1 py-2 cursor-pointer hover:text-gray-500 focus:outline-none"
      onClick={[Function]}
    >
      <svg
        aria-hidden="true"
        className="octicon"
        dangerouslySetInnerHTML={
          Object {
            "__html": "<path fill-rule=\\"evenodd\\" d=\\"M7.429 1.525a6.593 6.593 0 011.142 0c.036.003.108.036.137.146l.289 1.105c.147.56.55.967.997 1.189.174.086.341.183.501.29.417.278.97.423 1.53.27l1.102-.303c.11-.03.175.016.195.046.219.31.41.641.573.989.014.031.022.11-.059.19l-.815.806c-.411.406-.562.957-.53 1.456a4.588 4.588 0 010 .582c-.032.499.119 1.05.53 1.456l.815.806c.08.08.073.159.059.19a6.494 6.494 0 01-.573.99c-.02.029-.086.074-.195.045l-1.103-.303c-.559-.153-1.112-.008-1.529.27-.16.107-.327.204-.5.29-.449.222-.851.628-.998 1.189l-.289 1.105c-.029.11-.101.143-.137.146a6.613 6.613 0 01-1.142 0c-.036-.003-.108-.037-.137-.146l-.289-1.105c-.147-.56-.55-.967-.997-1.189a4.502 4.502 0 01-.501-.29c-.417-.278-.97-.423-1.53-.27l-1.102.303c-.11.03-.175-.016-.195-.046a6.492 6.492 0 01-.573-.989c-.014-.031-.022-.11.059-.19l.815-.806c.411-.406.562-.957.53-1.456a4.587 4.587 0 010-.582c.032-.499-.119-1.05-.53-1.456l-.815-.806c-.08-.08-.073-.159-.059-.19a6.44 6.44 0 01.573-.99c.02-.029.086-.075.195-.045l1.103.303c.559.153 1.112.008 1.529-.27.16-.107.327-.204.5-.29.449-.222.851-.628.998-1.189l.289-1.105c.029-.11.101-.143.137-.146zM8 0c-.236 0-.47.01-.701.03-.743.065-1.29.615-1.458 1.261l-.29 1.106c-.017.066-.078.158-.211.224a5.994 5.994 0 00-.668.386c-.123.082-.233.09-.3.071L3.27 2.776c-.644-.177-1.392.02-1.82.63a7.977 7.977 0 00-.704 1.217c-.315.675-.111 1.422.363 1.891l.815.806c.05.048.098.147.088.294a6.084 6.084 0 000 .772c.01.147-.038.246-.088.294l-.815.806c-.474.469-.678 1.216-.363 1.891.2.428.436.835.704 1.218.428.609 1.176.806 1.82.63l1.103-.303c.066-.019.176-.011.299.071.213.143.436.272.668.386.133.066.194.158.212.224l.289 1.106c.169.646.715 1.196 1.458 1.26a8.094 8.094 0 001.402 0c.743-.064 1.29-.614 1.458-1.26l.29-1.106c.017-.066.078-.158.211-.224a5.98 5.98 0 00.668-.386c.123-.082.233-.09.3-.071l1.102.302c.644.177 1.392-.02 1.82-.63.268-.382.505-.789.704-1.217.315-.675.111-1.422-.364-1.891l-.814-.806c-.05-.048-.098-.147-.088-.294a6.1 6.1 0 000-.772c-.01-.147.039-.246.088-.294l.814-.806c.475-.469.679-1.216.364-1.891a7.992 7.992 0 00-.704-1.218c-.428-.609-1.176-.806-1.82-.63l-1.103.303c-.066.019-.176.011-.299-.071a5.991 5.991 0 00-.668-.386c-.133-.066-.194-.158-.212-.224L10.16 1.29C9.99.645 9.444.095 8.701.031A8.094 8.094 0 008 0zm1.5 8a1.5 1.5 0 11-3 0 1.5 1.5 0 013 0zM11 8a3 3 0 11-6 0 3 3 0 016 0z\\"></path>",
          }
        }
        fill="currentColor"
        height={16}
        role="img"
        style={
          Object {
            "display": "inline-block",
            "userSelect": "none",
            "verticalAlign": "text-bottom",
          }
        }
        viewBox="0 0 16 16"
        width={16}
      />
    </div>
    <div
      aria-label="View project on GitHub"
      className="flex justify-evenly items-center bg-transparent border-0 w-full text-sm text-white my-1 py-2 cursor-pointer hover:text-gray-500 focus:outline-none"
      onClick={[Function]}
    >
      <svg
        aria-hidden="true"
        className="octicon"
        dangerouslySetInnerHTML={
          Object {
            "__html": "<path fill-rule=\\"evenodd\\" d=\\"M8 0C3.58 0 0 3.58 0 8c0 3.54 2.29 6.53 5.47 7.59.4.07.55-.17.55-.38 0-.19-.01-.82-.01-1.49-2.01.37-2.53-.49-2.69-.94-.09-.23-.48-.94-.82-1.13-.28-.15-.68-.52-.01-.53.63-.01 1.08.58 1.23.82.72 1.21 1.87.87 2.33.66.07-.52.28-.87.51-1.07-1.78-.2-3.64-.89-3.64-3.95 0-.87.31-1.59.82-2.15-.08-.2-.36-1.02.08-2.12 0 0 .67-.21 2.2.82.64-.18 1.32-.27 2-.27.68 0 1.36.09 2 .27 1.53-1.04 2.2-.82 2.2-.82.44 1.1.16 1.92.08 2.12.51.56.82 1.27.82 2.15 0 3.07-1.87 3.75-3.65 3.95.29.25.54.73.54 1.48 0 1.07-.01 1.93-.01 2.2 0 .21.15.46.55.38A8.013 8.013 0 0016 8c0-4.42-3.58-8-8-8z\\"></path>",
          }
        }
        fill="currentColor"
        height={14}
        role="img"
        style={
          Object {
            "display": "inline-block",
            "userSelect": "none",
            "verticalAlign": "text-bottom",
          }
        }
        viewBox="0 0 16 16"
        width={14}
      />
    </div>
  </div>
</div>
`;

exports[`components/Sidebar.tsx should render itself & its children (logged out) 1`] = `
<div
  className="flex flex-col fixed left-14 w-14 -ml-14 h-full bg-primary overflow-y-auto	"
>
  <div
    className="flex flex-col flex-1 items-center py-4"
  >
    <svg
      className="w-5 my-3 mx-auto cursor-pointer"
      onClick={[Function]}
      role="logo"
      viewBox="0 0 500 500"
      xmlns="http://www.w3.org/2000/svg"
      xmlnsXlink="http://www.w3.org/1999/xlink"
    >
      <defs>
        <linearGradient
          id="linearGradient-light"
          x1="90.8779989%"
          x2="-1.30249747%"
          y1="80.0676288%"
          y2="32.7108237%"
        >
          <stop
            offset="0%"
            stopColor="#CCCCCC"
          />
          <stop
            offset="100%"
            stopColor="#FFFFFF"
          />
        </linearGradient>
      </defs>
      <g
        fill="none"
        fillRule="evenodd"
        stroke="none"
        strokeWidth="1"
      >
        <g
          fill="url(#linearGradient-light)"
          fillRule="nonzero"
          id="Logo"
          transform="translate(6.000000, 6.000000)"
        >
          <path
            d="M330.391053,10.2526316 C361.413773,10.2526316 386.562656,35.4015165 386.562656,66.4242368 C386.562656,97.4469571 361.413773,122.595841 330.391053,122.595842 L330.365421,122.570211 L247.319105,122.570211 C180.042515,122.499128 125.399186,176.890222 125.159,244.166421 L125.133789,244.219632 L125.154247,245.84774 C126.219609,301.255958 164.473457,349.116728 218.453292,362.268048 C272.940509,375.542983 329.466993,350.045988 355.583747,300.428701 L272.258632,300.427737 C257.346614,300.427737 243.046846,294.496977 232.512078,283.942976 C221.97731,273.388975 216.072618,259.078414 216.099748,244.166421 C216.099748,213.150778 241.242989,188.007632 272.258632,188.007632 L371.119632,188.007632 C379.28704,188.480415 386.935401,192.166372 392.393842,198.260263 L474.869789,300.324632 L474.978789,300.325211 L474.952789,300.426632 L474.953158,300.427737 L474.951789,300.427632 L474.173714,303.448935 C446.939817,406.220475 353.906452,478.028529 247.319105,478.080211 C118.007789,478.080211 12.8157895,373.144526 12.8157895,244.166421 C12.8157895,115.188316 117.905263,10.2526316 247.319105,10.2526316 L330.391053,10.2526316 Z"
          />
        </g>
      </g>
    </svg>
    <div
      className="flex justify-around	self-stretch items-center my-1 py-1 px-2 text-green-500 text-xs font-extrabold"
    >
      <svg
        aria-hidden="true"
        className="octicon"
        dangerouslySetInnerHTML={
          Object {
            "__html": "<path d=\\"M8 16a2 2 0 001.985-1.75c.017-.137-.097-.25-.235-.25h-3.5c-.138 0-.252.113-.235.25A2 2 0 008 16z\\"></path><path fill-rule=\\"evenodd\\" d=\\"M8 1.5A3.5 3.5 0 004.5 5v2.947c0 .346-.102.683-.294.97l-1.703 2.556a.018.018 0 00-.003.01l.001.006c0 .002.002.004.004.006a.017.017 0 00.006.004l.007.001h10.964l.007-.001a.016.016 0 00.006-.004.016.016 0 00.004-.006l.001-.007a.017.017 0 00-.003-.01l-1.703-2.554a1.75 1.75 0 01-.294-.97V5A3.5 3.5 0 008 1.5zM3 5a5 5 0 0110 0v2.947c0 .05.015.098.042.139l1.703 2.555A1.518 1.518 0 0113.482 13H2.518a1.518 1.518 0 01-1.263-2.36l1.703-2.554A.25.25 0 003 7.947V5z\\"></path>",
          }
        }
        fill="currentColor"
        height={12}
        role="img"
        style={
          Object {
            "display": "inline-block",
            "userSelect": "none",
            "verticalAlign": "text-bottom",
          }
        }
        viewBox="0 0 16 16"
        width={12}
      />
      4
    </div>
  </div>
  <div
    className="py-4 px-3"
  >
    <div
      aria-label="View project on GitHub"
      className="flex justify-evenly items-center bg-transparent border-0 w-full text-sm text-white my-1 py-2 cursor-pointer hover:text-gray-500 focus:outline-none"
      onClick={[Function]}
    >
      <svg
        aria-hidden="true"
        className="octicon"
        dangerouslySetInnerHTML={
          Object {
            "__html": "<path fill-rule=\\"evenodd\\" d=\\"M8 0C3.58 0 0 3.58 0 8c0 3.54 2.29 6.53 5.47 7.59.4.07.55-.17.55-.38 0-.19-.01-.82-.01-1.49-2.01.37-2.53-.49-2.69-.94-.09-.23-.48-.94-.82-1.13-.28-.15-.68-.52-.01-.53.63-.01 1.08.58 1.23.82.72 1.21 1.87.87 2.33.66.07-.52.28-.87.51-1.07-1.78-.2-3.64-.89-3.64-3.95 0-.87.31-1.59.82-2.15-.08-.2-.36-1.02.08-2.12 0 0 .67-.21 2.2.82.64-.18 1.32-.27 2-.27.68 0 1.36.09 2 .27 1.53-1.04 2.2-.82 2.2-.82.44 1.1.16 1.92.08 2.12.51.56.82 1.27.82 2.15 0 3.07-1.87 3.75-3.65 3.95.29.25.54.73.54 1.48 0 1.07-.01 1.93-.01 2.2 0 .21.15.46.55.38A8.013 8.013 0 0016 8c0-4.42-3.58-8-8-8z\\"></path>",
          }
        }
        fill="currentColor"
        height={14}
        role="img"
        style={
          Object {
            "display": "inline-block",
            "userSelect": "none",
            "verticalAlign": "text-bottom",
          }
        }
        viewBox="0 0 16 16"
        width={14}
      />
    </div>
  </div>
</div>
`;
